// Jest Snapshot v1, https://goo.gl/fbAQLP

exports[`should render expense dashboard correctly 1`] = `
<div>
  <Component />
  <Connect(ExpenseListFilters) />
  <div
    className="box-layout"
  >
    <Connect(ExpensesSummary) />
    <Connect(ExpenseList) />
  </div>
</div>
`;
