// Jest Snapshot v1, https://goo.gl/fbAQLP

exports[`should render expense dashboard correctly 1`] = `
<div>
  <h1>
    404! Page Not Found
  </h1>
  <h2>
    <Link
      replace={false}
      to="/"
    >
      Go Home
    </Link>
  </h2>
</div>
`;
